# name                    number of elements       address          size           bar    width   fracbits  signed

# from example_dwc8vm1.mapp
@MAPFILE_REVISION 0.9.0-5-gca994aba-pcx29859
FCM.SPI_DIVIDER                                             1        73728            4    0   16    0    0   RW
FCM.BYTES_TO_WRITE                                          1        73740            4    0   16    0    0   RW
FCM.BYTES_TO_READ                                           1        73744            4    0   16    0    0   RW
FCM.CONTROL                                                 1        73748            4    0    8    0    0   RW
FCM.JTAG_TCK                                                1        73752            4    0    1    0    0   RW
FCM.JTAG_TMS                                                1        73756            4    0    1    0    0   RW
FCM.JTAG_TDI                                                1        73760            4    0    1    0    0   RW
FCM.JTAG_TDO                                                1        73764            4    0    1    0    0   RO
FCM.MAGIC                                                   1        73784            4    0   32    0    0   RO
FCM.REV_SWITCH                                              1        73788            4    0   32    0    0   RW
FCM.REV_SEL                                                 1        73792            4    0    2    0    0   RW
FCM.CRC_ERROR                                               1        73796            4    0    1    0    0   RO
FCM.CRC_ERROR_CNT                                           1        73800            4    0   32    0    0   RO
FCM.ECC_ERROR_CNT                                           1        73804            4    0   32    0    0   RO
FCM.ECC_SYNDROME                                            1        73824            4    0   13    0    0   RO
FCM.ID                                                      1        73840            4    0   32    0    0   RO
FCM.VERSION                                                 1        73844            4    0   32    0    0   RO
BSP.ID                                                      1            0            4    0   32    0    0   RO
BSP.VERSION                                                 1            4            4    0   32    0    0   RO
BSP.PRJ_ID                                                  1            8            4    0   32    0    0   RO
BSP.PRJ_VERSION                                             1           12            4    0   32    0    0   RO
BSP.PRJ_SHASUM                                              1           16            4    0   32    0    0   RO
BSP.PRJ_TIMESTAMP                                           1           20            4    0   32    0    0   RO
BSP.SCRATCH                                                 1           24            4    0   32    0    0   RW
BSP.RESET_N                                                 1           28            4    0    1    0    0   RW
BSP.CLK_MUX                                                 6           32           24    0    2    0    0   RW
BSP.CLK_SEL                                                 1           56            4    0    1    0    0   RW
BSP.CLK_RST                                                 1           60            4    0    1    0    0   RW
BSP.CLK_FREQ                                                8           64           32    0   32    0    0   RO
BSP.CLK_ERR                                                 1           96            4    0    1    0    0   RO
BSP.SPI_DIV_SEL                                             1          100            4    0    2    0    0   RW
BSP.SPI_DIV_BUSY                                            1          104            4    0    1    0    0   RO
BSP.ADC_ENA                                                 1          108            4    0    1    0    0   RW
BSP.ADC_IDELAY_CNT                                          5          112           20    0    9    0    0   RO
BSP.ADC_REVERT_CLK                                          1          132            4    0    5    0    0   RW
BSP.SPI_ADC_SEL                                             1          136            4    0    3    0    0   RW
BSP.SPI_ADC_BUSY                                            1          140            4    0    1    0    0   RO
BSP.DAC_ENA                                                 1          144            4    0    1    0    0   RW
BSP.DAC_IDELAY_INC                                          1          148            4    0    1    0    0   RW
BSP.DAC_IDELAY_CNT                                          1          152            4    0    9    0    0   RO
BSP.DDR_CALIB_DONE                                          1          156            4    0    1    0    0   RO
BSP.BOOT_STATUS                                             1          160            4    0    1    0    0   RW
TIMING.ID                                                   1      8404992            4    0   32    0    0   RO
TIMING.VERSION                                              1      8404996            4    0   32    0    0   RO
TIMING.ENABLE                                               1      8405000            4    0    2    0    0   RW
TIMING.SOURCE_SEL                                           2      8405004            8    0    8    0    0   RW
TIMING.SYNC_SEL                                             2      8405012            8    0    8    0    0   RW
TIMING.DIVIDER_VALUE                                        2      8405020            8    0   32    0    0   RW
TIMING.TRIGGER_CNT                                          2      8405028            8    0   32    0    0   RO
TIMING.EXT_TRIGGER_CNT                                      8      8405036           32    0   32    0    0   RO
TIMING.DELAY_ENABLE                                         1      8405068            4    0    2    0    0   RW
TIMING.DELAY_VALUE                                          2      8405072            8    0   32    0    0   RW
TIMING.MANUAL_TRG                                           2      8405080            8    0    1    0    0   RW
DAQ.ID                                                      1      8421376            4    0   32    0    0   RO
DAQ.VERSION                                                 1      8421380            4    0   32    0    0   RO
DAQ.ENABLE                                                  1      8421384            4    0    1    0    0   RW
DAQ.TAB_SEL                                                 1      8421388            4    0   32    0    0   RW
DAQ.STROBE_DIV                                              1      8421392            4    0   32    0    0   RW
DAQ.STROBE_CNT                                              1      8421396            4    0   32    0    0   RO
DAQ.SAMPLES                                                 1      8421400            4    0   32    0    0   RW
DAQ.DOUBLE_BUF_ENA                                          1      8421404            4    0    1    0    0   RW
DAQ.ACTIVE_BUF                                              1      8421408            4    0    1    0    0   RO
DAQ.INACTIVE_BUF_ID                                         1      8421412            4    0   32    0    0   RO
DAQ.FIFO_STATUS                                             1      8421416            4    0   32    0    0   RO
DAQ.SENT_BURST_CNT                                          1      8421420            4    0   32    0    0   RO
DAQ.TRG_DELAY_VAL                                           1      8421424            4    0   32    0    0   RW
DAQ.TRG_DELAY_ENA                                           1      8421428            4    0    1    0    0   RW
DAQ.TRG_CNT_BUF0                                            1      8421432            4    0   16    0    0   RO
DAQ.TRG_CNT_BUF1                                            1      8421436            4    0   16    0    0   RO
DAQ.TIMESTAMP_RST                                           1      8421440            4    0    1    0    0   RW
RTM.ID                                                      1      8437760            4    0   32    0    0   RO
RTM.VERSION                                                 1      8437764            4    0   32    0    0   RO
RTM.RF_PERMIT                                               1      8437768            4    0    1    0    0   RW
RTM.ATT_SEL                                                 1      8437772            4    0    9    0    0   RW
RTM.ATT_VAL                                                 1      8437776            4    0    6    0    0   RW
RTM.ATT_STATUS                                              1      8437780            4    0    1    0    0   RO
RTM.ADC_A                                                   1      8437784            4    0   25    0    1   RO
RTM.ADC_B                                                   1      8437788            4    0   25    0    1   RO
RTM.ADC_C                                                   1      8437792            4    0   25    0    1   RO
RTM.ADC_D                                                   1      8437796            4    0   25    0    1   RO
RTM.ADC_READ_ENA                                            1      8437800            4    0    4    0    0   RW
RTM.ADC_STATUS                                              1      8437804            4    0    4    0    0   RO
RTM.DACAB                                                   1      8437808            4    0   12    0    0   RW
RTM.DAC_STATUS                                              1      8437812            4    0    4    0    0   RO
RTM.DAC                                                     2      8437816            8    0   12    0    0   RW
RTM.EXT_INTERLOCK                                           1      8437824            4    0    1    0    0   RO
RTM.HYT271_TEMP                                             1      8437828            4    0   14    0    0   RO
RTM.HYT271_HUMI                                             1      8437832            4    0   14    0    0   RO
RTM.HYT271_READ_ENA                                         1      8437836            4    0    1    0    0   RW
APP.ID                                                      1      8388608            4    0   32    0    0   RO
APP.VERSION                                                 1      8388612            4    0   32    0    0   RO
APP.STATUS                                                  1      8388616            4    0   32    0    0   RO
APP.MLVDS_I                                                 1      8388620            4    0    8    0    0   RO
APP.MLVDS_O                                                 1      8388624            4    0    8    0    0   RW
APP.MLVDS_OE                                                1      8388628            4    0    8    0    0   RW
APP.DPM_MODE                                                1      8388632            4    0    1    0    0   RW
FCM.WRITE_BUF                                            1024        65536         4096    0    8    0    0   RW

FCM.READ_BUF                                             1024        69632         4096    0    8    0    0   RW

DAQ.DAQ_TIMES_0                                          1024      8425472         4096    0   32    0    0   RW

DAQ.DAQ_TIMES_1                                          1024      8429568         4096    0   32    0    0   RW

DAQ.DAQ_TIMES_2                                          1024      8433664         4096    0   32    0    0   RW

APP.AREA_DAC_I                                           1024      8389632         4096    0   32    0    0   RW

APP.AREA_DAC_Q                                           1024      8396800         4096    0   32    0    0   RW

BSP.FCM                                                  2078        65536         8312    0   32    0    0   RW
BSP.AREA_SPI_DIV                                           91        74240          364    0   32    0    0   RW
BSP.AREA_SPI_ADC                                          257        75776         1028    0   32    0    0   RW
APP.TIMING                                                 24      8404992           96    0   32    0    0   RW
APP.DAQ                                                  4096      8421376        16384    0   32    0    0   RW
APP.RTM                                                    20      8437760           80    0   32    0    0   RW
ch0_top.BSP                                             19201            0        76804    0   32    0    0   RW
ch0_top.APP                                             12308      8388608        49232    0   32    0    0   RW


# from example_dma.mapp
APP.AREA_MULTIPLEXED_SEQUENCE_DAQ0_BUF0                          131072   2147483648       524288     13     32    0    1   RW
APP.SEQUENCE_DAQ0_BUF0_0                                              1   2147483648            2     13     16    0    1   RW
APP.SEQUENCE_DAQ0_BUF0_1                                              1   2147483650            2     13     16    0    1   RW
APP.SEQUENCE_DAQ0_BUF0_2                                              1   2147483652            2     13     16    0    1   RW
APP.SEQUENCE_DAQ0_BUF0_3                                              1   2147483654            2     13     16    0    1   RW
APP.SEQUENCE_DAQ0_BUF0_4                                              1   2147483656            2     13     16    0    1   RW
APP.SEQUENCE_DAQ0_BUF0_5                                              1   2147483658            2     13     16    0    1   RW
APP.SEQUENCE_DAQ0_BUF0_6                                              1   2147483660            2     13     16    0    1   RW
APP.SEQUENCE_DAQ0_BUF0_7                                              1   2147483662            2     13     16    0    1   RW
APP.SEQUENCE_DAQ0_BUF0_8                                              1   2147483664            2     13     16    0    1   RW
APP.SEQUENCE_DAQ0_BUF0_9                                              1   2147483666            2     13     16    0    1   RW
APP.SEQUENCE_DAQ0_BUF0_10                                             1   2147483668            2     13     16    0    1   RW
APP.SEQUENCE_DAQ0_BUF0_11                                             1   2147483670            2     13     16    0    1   RW
APP.SEQUENCE_DAQ0_BUF0_12                                             1   2147483672            2     13     16    0    1   RW
APP.SEQUENCE_DAQ0_BUF0_13                                             1   2147483674            2     13     16    0    1   RW
APP.SEQUENCE_DAQ0_BUF0_14                                             1   2147483676            2     13     16    0    1   RW
APP.SEQUENCE_DAQ0_BUF0_15                                             1   2147483678            2     13     16    0    1   RW
APP.AREA_MULTIPLEXED_SEQUENCE_DAQ0_BUF1                          131072   2148532224       524288     13     32     0    1   RW
APP.SEQUENCE_DAQ0_BUF1_0                                              1   2148532224            2     13     16     0    1   RW
APP.SEQUENCE_DAQ0_BUF1_1                                              1   2148532226            2     13     16     0    1   RW
APP.SEQUENCE_DAQ0_BUF1_2                                              1   2148532228            2     13     16     0    1   RW
APP.SEQUENCE_DAQ0_BUF1_3                                              1   2148532230            2     13     16     0    1   RW
APP.SEQUENCE_DAQ0_BUF1_4                                              1   2148532232            2     13     16     0    1   RW
APP.SEQUENCE_DAQ0_BUF1_5                                              1   2148532234            2     13     16     0    1   RW
APP.SEQUENCE_DAQ0_BUF1_6                                              1   2148532236            2     13     16     0    1   RW
APP.SEQUENCE_DAQ0_BUF1_7                                              1   2148532238            2     13     16     0    1   RW
APP.SEQUENCE_DAQ0_BUF1_8                                              1   2148532240            2     13     16     0    1   RW
APP.SEQUENCE_DAQ0_BUF1_9                                              1   2148532242            2     13     16     0    1   RW
APP.SEQUENCE_DAQ0_BUF1_10                                             1   2148532244            2     13     16     0    1   RW
APP.SEQUENCE_DAQ0_BUF1_11                                             1   2148532246            2     13     16     0    1   RW
APP.SEQUENCE_DAQ0_BUF1_12                                             1   2148532248            2     13     16     0    1   RW
APP.SEQUENCE_DAQ0_BUF1_13                                             1   2148532250            2     13     16     0    1   RW
APP.SEQUENCE_DAQ0_BUF1_14                                             1   2148532252            2     13     16     0    1   RW
APP.SEQUENCE_DAQ0_BUF1_15                                             1   2148532254            2     13     16     0    1   RW
APP.AREA_MULTIPLEXED_SEQUENCE_DAQ1_BUF0                          131072   2151677952       524288     13     32     0    1   RW
APP.SEQUENCE_DAQ1_BUF0_0                                              1   2151677952            2     13     16     0    1   RW
APP.SEQUENCE_DAQ1_BUF0_1                                              1   2151677954            2     13     16     0    1   RW
APP.SEQUENCE_DAQ1_BUF0_2                                              1   2151677956            2     13     16     0    1   RW
APP.SEQUENCE_DAQ1_BUF0_3                                              1   2151677958            2     13     16     0    1   RW
APP.SEQUENCE_DAQ1_BUF0_4                                              1   2151677960            2     13     16     0    1   RW
APP.SEQUENCE_DAQ1_BUF0_5                                              1   2151677962            2     13     16     0    1   RW
APP.SEQUENCE_DAQ1_BUF0_6                                              1   2151677964            2     13     16     0    1   RW
APP.SEQUENCE_DAQ1_BUF0_7                                              1   2151677966            2     13     16     0    1   RW
APP.SEQUENCE_DAQ1_BUF0_8                                              1   2151677968            2     13     16     0    1   RW
APP.SEQUENCE_DAQ1_BUF0_9                                              1   2151677970            2     13     16     0    1   RW
APP.SEQUENCE_DAQ1_BUF0_10                                             1   2151677972            2     13     16     0    1   RW
APP.SEQUENCE_DAQ1_BUF0_11                                             1   2151677974            2     13     16     0    1   RW
APP.SEQUENCE_DAQ1_BUF0_12                                             1   2151677976            2     13     16     0    1   RW
APP.SEQUENCE_DAQ1_BUF0_13                                             1   2151677978            2     13     16     0    1   RW
APP.SEQUENCE_DAQ1_BUF0_14                                             1   2151677980            2     13     16     0    1   RW
APP.SEQUENCE_DAQ1_BUF0_15                                             1   2151677982            2     13     16     0    1   RW
APP.AREA_MULTIPLEXED_SEQUENCE_DAQ1_BUF1                          131072   2155872256       524288     13     32     0    1   RW
APP.SEQUENCE_DAQ1_BUF1_0                                              1   2155872256            2     13     16     0    1   RW
APP.SEQUENCE_DAQ1_BUF1_1                                              1   2155872258            2     13     16     0    1   RW
APP.SEQUENCE_DAQ1_BUF1_2                                              1   2155872260            2     13     16     0    1   RW
APP.SEQUENCE_DAQ1_BUF1_3                                              1   2155872262            2     13     16     0    1   RW
APP.SEQUENCE_DAQ1_BUF1_4                                              1   2155872264            2     13     16     0    1   RW
APP.SEQUENCE_DAQ1_BUF1_5                                              1   2155872266            2     13     16     0    1   RW
APP.SEQUENCE_DAQ1_BUF1_6                                              1   2155872268            2     13     16     0    1   RW
APP.SEQUENCE_DAQ1_BUF1_7                                              1   2155872270            2     13     16     0    1   RW
APP.SEQUENCE_DAQ1_BUF1_8                                              1   2155872272            2     13     16     0    1   RW
APP.SEQUENCE_DAQ1_BUF1_9                                              1   2155872274            2     13     16     0    1   RW
APP.SEQUENCE_DAQ1_BUF1_10                                             1   2155872276            2     13     16     0    1   RW
APP.SEQUENCE_DAQ1_BUF1_11                                             1   2155872278            2     13     16     0    1   RW
APP.SEQUENCE_DAQ1_BUF1_12                                             1   2155872280            2     13     16     0    1   RW
APP.SEQUENCE_DAQ1_BUF1_13                                             1   2155872282            2     13     16     0    1   RW
APP.SEQUENCE_DAQ1_BUF1_14                                             1   2155872284            2     13     16     0    1   RW
APP.SEQUENCE_DAQ1_BUF1_15                                             1   2155872286            2     13     16     0    1   RW
